// Jest Snapshot v1, https://goo.gl/fbAQLP

exports[`CustomSearchBar Component renders a snapshot that matches previous 1`] = `
<CustomSearchBar
  classes={
    Object {
      "search": "CustomSearchBar-search-1",
    }
  }
/>
`;
