// Jest Snapshot v1, https://goo.gl/fbAQLP

exports[`JobDetailPage Component when there is no match for the jobName in url params renders a snapshot that matches previous 1`] = `
<WithStyles(JobDetailPage)>
  <JobDetailPage
    classes={
      Object {
        "_SQL": "JobDetailPage-_SQL-11",
        "_description": "JobDetailPage-_description-8",
        "_name": "JobDetailPage-_name-7",
        "_owner": "JobDetailPage-_owner-9",
        "_ownerIcon": "JobDetailPage-_ownerIcon-10",
        "_status": "JobDetailPage-_status-4",
        "failed": "JobDetailPage-failed-5",
        "lastUpdated": "JobDetailPage-lastUpdated-3",
        "passed": "JobDetailPage-passed-6",
        "root": "JobDetailPage-root-1",
        "topSection": "JobDetailPage-topSection-2",
      }
    }
  >
    <Styled(MuiBox)
      className="JobDetailPage-root-1"
      display="flex"
      flexDirection="column"
      justifyContent="space-between"
      p={2}
    >
      <div
        className="MuiBox-root MuiBox-root-13 JobDetailPage-root-1"
      >
        <WithStyles(ForwardRef(Typography))
          align="center"
        >
          <ForwardRef(Typography)
            align="center"
            classes={
              Object {
                "alignCenter": "MuiTypography-alignCenter",
                "alignJustify": "MuiTypography-alignJustify",
                "alignLeft": "MuiTypography-alignLeft",
                "alignRight": "MuiTypography-alignRight",
                "body1": "MuiTypography-body1",
                "body2": "MuiTypography-body2",
                "button": "MuiTypography-button",
                "caption": "MuiTypography-caption",
                "colorError": "MuiTypography-colorError",
                "colorInherit": "MuiTypography-colorInherit",
                "colorPrimary": "MuiTypography-colorPrimary",
                "colorSecondary": "MuiTypography-colorSecondary",
                "colorTextPrimary": "MuiTypography-colorTextPrimary",
                "colorTextSecondary": "MuiTypography-colorTextSecondary",
                "displayBlock": "MuiTypography-displayBlock",
                "displayInline": "MuiTypography-displayInline",
                "gutterBottom": "MuiTypography-gutterBottom",
                "h1": "MuiTypography-h1",
                "h2": "MuiTypography-h2",
                "h3": "MuiTypography-h3",
                "h4": "MuiTypography-h4",
                "h5": "MuiTypography-h5",
                "h6": "MuiTypography-h6",
                "noWrap": "MuiTypography-noWrap",
                "overline": "MuiTypography-overline",
                "paragraph": "MuiTypography-paragraph",
                "root": "MuiTypography-root",
                "srOnly": "MuiTypography-srOnly",
                "subtitle1": "MuiTypography-subtitle1",
                "subtitle2": "MuiTypography-subtitle2",
              }
            }
          >
            <p
              className="MuiTypography-root MuiTypography-body1 MuiTypography-alignCenter"
            >
              No job by the name of 
              <strong>
                "
                test.job
                "
              </strong>
               found
            </p>
          </ForwardRef(Typography)>
        </WithStyles(ForwardRef(Typography))>
      </div>
    </Styled(MuiBox)>
  </JobDetailPage>
</WithStyles(JobDetailPage)>
`;

exports[`JobDetailPage Component when there is no match for the jobName in url params when there is a match for the jobName in url params renders a snapshot that matches previous 1`] = `
<WithStyles(JobDetailPage)
  jobs={
    Array [
      Object {
        "description": "calculates all possible dimensions from input geometry",
        "inputs": Array [
          "galaxy.geometry",
        ],
        "location": "https://github.com/Galaxy/blob/ecfc04de65137bfd25a0416d227eaba5325c8c63/calculate.galaxy_dimensions.sql",
        "name": "calculate.galaxy_dimensions",
        "namespace": "galactic-data",
        "outputs": Array [
          "galaxy.dimensions",
        ],
        "type": "BATCH",
      },
      Object {
        "description": "calculates trips taken in the galaxy",
        "inputs": Array [
          "galaxy.dimensions",
        ],
        "location": "https://github.com/Galaxy/blob/ecfc04de65137bfd25a0416d227eaba5325c8c63/calculate.galaxy_trips.sql",
        "name": "calculate.galaxy_trips",
        "namespace": "galactic-data",
        "outputs": Array [
          "galaxy.trips",
        ],
        "type": "BATCH",
      },
      Object {
        "description": "calculates the dimensions of earth",
        "inputs": Array [
          "earth.dimensions",
        ],
        "location": "https://github.com/Galaxy/blob/ecfc04de65137bfd25a0416d227eaba5325c8c63/calculate.galaxy_trips.sql",
        "name": "calculate.earth_dimensions",
        "namespace": "galactic-data",
        "outputs": Array [
          "earth.trips",
        ],
        "type": "BATCH",
      },
      Object {
        "description": "calculates the entire universe",
        "inputs": Array [
          "objects.stars",
          "objects.planets",
          "objects.life",
        ],
        "location": "https://github.com/Galaxy/blob/ecfc04de65137bfd25a0416d227eaba5325c8c63/calculate.galaxy_trips.sql",
        "name": "calculate.universe",
        "namespace": "galactic-data",
        "outputs": Array [
          "environment.universe",
        ],
        "type": "BATCH",
      },
      Object {
        "description": "calculates all communications in the galaxy",
        "inputs": Array [
          "galaxy.radiowaves",
          "galaxy.satellites",
        ],
        "location": "https://github.com/Galaxy/blob/ecfc04de65137bfd25a0416d227eaba5325c8c63/calculate.galaxy_trips.sql",
        "name": "calculate.communications",
        "namespace": "galactic-data",
        "outputs": Array [
          "environment.conversations",
          "environment.transcripts",
        ],
        "type": "BATCH",
      },
      Object {
        "description": "calculates literally nothing!",
        "inputs": Array [],
        "location": "https://github.com/Galaxy/blob/ecfc04de65137bfd25a0416d227eaba5325c8c63/calculate.galaxy_trips.sql",
        "name": "calculate.nothing",
        "namespace": "galactic-data",
        "outputs": Array [],
        "type": "BATCH",
      },
      Object {
        "description": "calculates literally nothing!",
        "inputs": Array [
          "rocket.parts",
        ],
        "location": "https://github.com/Galaxy/blob/ecfc04de65137bfd25a0416d227eaba5325c8c63/calculate.galaxy_trips.sql",
        "name": "build.rocket",
        "namespace": "galactic-data",
        "outputs": Array [
          "rocket.types",
        ],
        "type": "BATCH",
      },
      Object {
        "description": "calculates literally nothing!",
        "inputs": Array [
          "station.parts",
        ],
        "location": "https://github.com/Galaxy/blob/ecfc04de65137bfd25a0416d227eaba5325c8c63/calculate.galaxy_trips.sql",
        "name": "build.space_station",
        "namespace": "galactic-data",
        "outputs": Array [
          "station.types",
        ],
        "type": "BATCH",
      },
      Object {
        "description": "calculates literally nothing!",
        "inputs": Array [
          "alien.parts",
        ],
        "location": "https://github.com/Galaxy/blob/ecfc04de65137bfd25a0416d227eaba5325c8c63/calculate.galaxy_trips.sql",
        "name": "build.aliens",
        "namespace": "galactic-data",
        "outputs": Array [
          "alien.types",
        ],
        "type": "BATCH",
      },
      Object {
        "description": "calculates all possible dimensions from interstellar dimensions",
        "inputs": Array [
          "interstellar.geometry",
        ],
        "location": "https://github.com/Galaxy/blob/ecfc04de65137bfd25a0416d227eaba5325c8c63/calculate.galaxy_dimensions.sql",
        "name": "calculate.interstellar_dimensions",
        "namespace": "interstellar-data",
        "outputs": Array [
          "interstellar.dimensions",
        ],
        "type": "BATCH",
      },
      Object {
        "description": "calculates trips taken in the interstellar world",
        "inputs": Array [
          "interstellar.dimensions",
        ],
        "location": "https://github.com/Galaxy/blob/ecfc04de65137bfd25a0416d227eaba5325c8c63/calculate.galaxy_trips.sql",
        "name": "calculate.interstellar_trips",
        "namespace": "interstellar-data",
        "outputs": Array [
          "interstellar.trips",
        ],
        "type": "BATCH",
      },
      Object {
        "description": "calculates the dimensions of the cosmics",
        "inputs": Array [
          "interstellar.trips",
        ],
        "location": "https://github.com/Galaxy/blob/ecfc04de65137bfd25a0416d227eaba5325c8c63/calculate.galaxy_trips.sql",
        "name": "calculate.cosmic_dimensions",
        "namespace": "interstellar-data",
        "outputs": Array [
          "cosmic.dimensions",
        ],
        "type": "BATCH",
      },
      Object {
        "description": "calculates the entire cosmic universe",
        "inputs": Array [
          "cosmic.stars",
          "cosmic.planets",
          "cosmic.life",
        ],
        "location": "https://github.com/Galaxy/blob/ecfc04de65137bfd25a0416d227eaba5325c8c63/calculate.galaxy_trips.sql",
        "name": "calculate.cosmic_universe",
        "namespace": "interstellar-data",
        "outputs": Array [
          "cosmic.universe",
        ],
        "type": "BATCH",
      },
      Object {
        "description": "calculates all communications in the cosmics",
        "inputs": Array [
          "cosmic.radiowaves",
          "cosmic.satellites",
        ],
        "location": "https://github.com/Galaxy/blob/ecfc04de65137bfd25a0416d227eaba5325c8c63/calculate.galaxy_trips.sql",
        "name": "calculate.cosmic_communications",
        "namespace": "interstellar-data",
        "outputs": Array [
          "interstellar.conversations",
          "interstellar.transcripts",
        ],
        "type": "BATCH",
      },
      Object {
        "description": "calculates literally nothing!",
        "inputs": Array [],
        "location": "https://github.com/Galaxy/blob/ecfc04de65137bfd25a0416d227eaba5325c8c63/calculate.galaxy_trips.sql",
        "name": "cosmic.nothing",
        "namespace": "interstellar-data",
        "outputs": Array [],
        "type": "BATCH",
      },
      Object {
        "description": "calculates literally nothing!",
        "inputs": Array [
          "comet.parts",
        ],
        "location": "https://github.com/Galaxy/blob/ecfc04de65137bfd25a0416d227eaba5325c8c63/calculate.galaxy_trips.sql",
        "name": "build.comets",
        "namespace": "interstellar-data",
        "outputs": Array [
          "comet.types",
        ],
        "type": "BATCH",
      },
      Object {
        "description": "calculates literally nothing!",
        "inputs": Array [
          "black_hole.parts",
        ],
        "location": "https://github.com/Galaxy/blob/ecfc04de65137bfd25a0416d227eaba5325c8c63/calculate.galaxy_trips.sql",
        "name": "build.black_holes",
        "namespace": "interstellar-data",
        "outputs": Array [
          "black_hole.types",
        ],
        "type": "BATCH",
      },
      Object {
        "description": "calculates literally nothing!",
        "inputs": Array [
          "worm_hole.parts",
        ],
        "location": "https://github.com/Galaxy/blob/ecfc04de65137bfd25a0416d227eaba5325c8c63/calculate.galaxy_trips.sql",
        "name": "build.worm_holes",
        "namespace": "interstellar-data",
        "outputs": Array [
          "worm_hole.types",
        ],
        "type": "BATCH",
      },
    ]
  }
>
  <JobDetailPage
    classes={
      Object {
        "_SQL": "JobDetailPage-_SQL-11",
        "_description": "JobDetailPage-_description-8",
        "_name": "JobDetailPage-_name-7",
        "_owner": "JobDetailPage-_owner-9",
        "_ownerIcon": "JobDetailPage-_ownerIcon-10",
        "_status": "JobDetailPage-_status-4",
        "failed": "JobDetailPage-failed-5",
        "lastUpdated": "JobDetailPage-lastUpdated-3",
        "passed": "JobDetailPage-passed-6",
        "root": "JobDetailPage-root-1",
        "topSection": "JobDetailPage-topSection-2",
      }
    }
    jobs={
      Array [
        Object {
          "description": "calculates all possible dimensions from input geometry",
          "inputs": Array [
            "galaxy.geometry",
          ],
          "location": "https://github.com/Galaxy/blob/ecfc04de65137bfd25a0416d227eaba5325c8c63/calculate.galaxy_dimensions.sql",
          "name": "calculate.galaxy_dimensions",
          "namespace": "galactic-data",
          "outputs": Array [
            "galaxy.dimensions",
          ],
          "type": "BATCH",
        },
        Object {
          "description": "calculates trips taken in the galaxy",
          "inputs": Array [
            "galaxy.dimensions",
          ],
          "location": "https://github.com/Galaxy/blob/ecfc04de65137bfd25a0416d227eaba5325c8c63/calculate.galaxy_trips.sql",
          "name": "calculate.galaxy_trips",
          "namespace": "galactic-data",
          "outputs": Array [
            "galaxy.trips",
          ],
          "type": "BATCH",
        },
        Object {
          "description": "calculates the dimensions of earth",
          "inputs": Array [
            "earth.dimensions",
          ],
          "location": "https://github.com/Galaxy/blob/ecfc04de65137bfd25a0416d227eaba5325c8c63/calculate.galaxy_trips.sql",
          "name": "calculate.earth_dimensions",
          "namespace": "galactic-data",
          "outputs": Array [
            "earth.trips",
          ],
          "type": "BATCH",
        },
        Object {
          "description": "calculates the entire universe",
          "inputs": Array [
            "objects.stars",
            "objects.planets",
            "objects.life",
          ],
          "location": "https://github.com/Galaxy/blob/ecfc04de65137bfd25a0416d227eaba5325c8c63/calculate.galaxy_trips.sql",
          "name": "calculate.universe",
          "namespace": "galactic-data",
          "outputs": Array [
            "environment.universe",
          ],
          "type": "BATCH",
        },
        Object {
          "description": "calculates all communications in the galaxy",
          "inputs": Array [
            "galaxy.radiowaves",
            "galaxy.satellites",
          ],
          "location": "https://github.com/Galaxy/blob/ecfc04de65137bfd25a0416d227eaba5325c8c63/calculate.galaxy_trips.sql",
          "name": "calculate.communications",
          "namespace": "galactic-data",
          "outputs": Array [
            "environment.conversations",
            "environment.transcripts",
          ],
          "type": "BATCH",
        },
        Object {
          "description": "calculates literally nothing!",
          "inputs": Array [],
          "location": "https://github.com/Galaxy/blob/ecfc04de65137bfd25a0416d227eaba5325c8c63/calculate.galaxy_trips.sql",
          "name": "calculate.nothing",
          "namespace": "galactic-data",
          "outputs": Array [],
          "type": "BATCH",
        },
        Object {
          "description": "calculates literally nothing!",
          "inputs": Array [
            "rocket.parts",
          ],
          "location": "https://github.com/Galaxy/blob/ecfc04de65137bfd25a0416d227eaba5325c8c63/calculate.galaxy_trips.sql",
          "name": "build.rocket",
          "namespace": "galactic-data",
          "outputs": Array [
            "rocket.types",
          ],
          "type": "BATCH",
        },
        Object {
          "description": "calculates literally nothing!",
          "inputs": Array [
            "station.parts",
          ],
          "location": "https://github.com/Galaxy/blob/ecfc04de65137bfd25a0416d227eaba5325c8c63/calculate.galaxy_trips.sql",
          "name": "build.space_station",
          "namespace": "galactic-data",
          "outputs": Array [
            "station.types",
          ],
          "type": "BATCH",
        },
        Object {
          "description": "calculates literally nothing!",
          "inputs": Array [
            "alien.parts",
          ],
          "location": "https://github.com/Galaxy/blob/ecfc04de65137bfd25a0416d227eaba5325c8c63/calculate.galaxy_trips.sql",
          "name": "build.aliens",
          "namespace": "galactic-data",
          "outputs": Array [
            "alien.types",
          ],
          "type": "BATCH",
        },
        Object {
          "description": "calculates all possible dimensions from interstellar dimensions",
          "inputs": Array [
            "interstellar.geometry",
          ],
          "location": "https://github.com/Galaxy/blob/ecfc04de65137bfd25a0416d227eaba5325c8c63/calculate.galaxy_dimensions.sql",
          "name": "calculate.interstellar_dimensions",
          "namespace": "interstellar-data",
          "outputs": Array [
            "interstellar.dimensions",
          ],
          "type": "BATCH",
        },
        Object {
          "description": "calculates trips taken in the interstellar world",
          "inputs": Array [
            "interstellar.dimensions",
          ],
          "location": "https://github.com/Galaxy/blob/ecfc04de65137bfd25a0416d227eaba5325c8c63/calculate.galaxy_trips.sql",
          "name": "calculate.interstellar_trips",
          "namespace": "interstellar-data",
          "outputs": Array [
            "interstellar.trips",
          ],
          "type": "BATCH",
        },
        Object {
          "description": "calculates the dimensions of the cosmics",
          "inputs": Array [
            "interstellar.trips",
          ],
          "location": "https://github.com/Galaxy/blob/ecfc04de65137bfd25a0416d227eaba5325c8c63/calculate.galaxy_trips.sql",
          "name": "calculate.cosmic_dimensions",
          "namespace": "interstellar-data",
          "outputs": Array [
            "cosmic.dimensions",
          ],
          "type": "BATCH",
        },
        Object {
          "description": "calculates the entire cosmic universe",
          "inputs": Array [
            "cosmic.stars",
            "cosmic.planets",
            "cosmic.life",
          ],
          "location": "https://github.com/Galaxy/blob/ecfc04de65137bfd25a0416d227eaba5325c8c63/calculate.galaxy_trips.sql",
          "name": "calculate.cosmic_universe",
          "namespace": "interstellar-data",
          "outputs": Array [
            "cosmic.universe",
          ],
          "type": "BATCH",
        },
        Object {
          "description": "calculates all communications in the cosmics",
          "inputs": Array [
            "cosmic.radiowaves",
            "cosmic.satellites",
          ],
          "location": "https://github.com/Galaxy/blob/ecfc04de65137bfd25a0416d227eaba5325c8c63/calculate.galaxy_trips.sql",
          "name": "calculate.cosmic_communications",
          "namespace": "interstellar-data",
          "outputs": Array [
            "interstellar.conversations",
            "interstellar.transcripts",
          ],
          "type": "BATCH",
        },
        Object {
          "description": "calculates literally nothing!",
          "inputs": Array [],
          "location": "https://github.com/Galaxy/blob/ecfc04de65137bfd25a0416d227eaba5325c8c63/calculate.galaxy_trips.sql",
          "name": "cosmic.nothing",
          "namespace": "interstellar-data",
          "outputs": Array [],
          "type": "BATCH",
        },
        Object {
          "description": "calculates literally nothing!",
          "inputs": Array [
            "comet.parts",
          ],
          "location": "https://github.com/Galaxy/blob/ecfc04de65137bfd25a0416d227eaba5325c8c63/calculate.galaxy_trips.sql",
          "name": "build.comets",
          "namespace": "interstellar-data",
          "outputs": Array [
            "comet.types",
          ],
          "type": "BATCH",
        },
        Object {
          "description": "calculates literally nothing!",
          "inputs": Array [
            "black_hole.parts",
          ],
          "location": "https://github.com/Galaxy/blob/ecfc04de65137bfd25a0416d227eaba5325c8c63/calculate.galaxy_trips.sql",
          "name": "build.black_holes",
          "namespace": "interstellar-data",
          "outputs": Array [
            "black_hole.types",
          ],
          "type": "BATCH",
        },
        Object {
          "description": "calculates literally nothing!",
          "inputs": Array [
            "worm_hole.parts",
          ],
          "location": "https://github.com/Galaxy/blob/ecfc04de65137bfd25a0416d227eaba5325c8c63/calculate.galaxy_trips.sql",
          "name": "build.worm_holes",
          "namespace": "interstellar-data",
          "outputs": Array [
            "worm_hole.types",
          ],
          "type": "BATCH",
        },
      ]
    }
  >
    <Styled(MuiBox)
      className="JobDetailPage-root-1"
      display="flex"
      flexDirection="column"
      justifyContent="space-between"
      p={2}
    >
      <div
        className="MuiBox-root MuiBox-root-44 JobDetailPage-root-1"
      >
        <div
          className="JobDetailPage-topSection-2"
        >
          <div
            className="JobDetailPage-_status-4 JobDetailPage-passed-6"
          />
          <WithStyles(ForwardRef(Typography))
            className="JobDetailPage-_name-7"
            color="secondary"
            variant="h3"
          >
            <ForwardRef(Typography)
              className="JobDetailPage-_name-7"
              classes={
                Object {
                  "alignCenter": "MuiTypography-alignCenter",
                  "alignJustify": "MuiTypography-alignJustify",
                  "alignLeft": "MuiTypography-alignLeft",
                  "alignRight": "MuiTypography-alignRight",
                  "body1": "MuiTypography-body1",
                  "body2": "MuiTypography-body2",
                  "button": "MuiTypography-button",
                  "caption": "MuiTypography-caption",
                  "colorError": "MuiTypography-colorError",
                  "colorInherit": "MuiTypography-colorInherit",
                  "colorPrimary": "MuiTypography-colorPrimary",
                  "colorSecondary": "MuiTypography-colorSecondary",
                  "colorTextPrimary": "MuiTypography-colorTextPrimary",
                  "colorTextSecondary": "MuiTypography-colorTextSecondary",
                  "displayBlock": "MuiTypography-displayBlock",
                  "displayInline": "MuiTypography-displayInline",
                  "gutterBottom": "MuiTypography-gutterBottom",
                  "h1": "MuiTypography-h1",
                  "h2": "MuiTypography-h2",
                  "h3": "MuiTypography-h3",
                  "h4": "MuiTypography-h4",
                  "h5": "MuiTypography-h5",
                  "h6": "MuiTypography-h6",
                  "noWrap": "MuiTypography-noWrap",
                  "overline": "MuiTypography-overline",
                  "paragraph": "MuiTypography-paragraph",
                  "root": "MuiTypography-root",
                  "srOnly": "MuiTypography-srOnly",
                  "subtitle1": "MuiTypography-subtitle1",
                  "subtitle2": "MuiTypography-subtitle2",
                }
              }
              color="secondary"
              variant="h3"
            >
              <h3
                className="MuiTypography-root JobDetailPage-_name-7 MuiTypography-h3 MuiTypography-colorSecondary"
              >
                <a
                  className="link"
                  href="https://github.com/Galaxy/blob/ecfc04de65137bfd25a0416d227eaba5325c8c63/calculate.galaxy_dimensions.sql"
                  target="_"
                >
                  calculate.galaxy_dimensions
                </a>
              </h3>
            </ForwardRef(Typography)>
          </WithStyles(ForwardRef(Typography))>
          <WithStyles(WithStyles(ForwardRef(Typography)))
            className="JobDetailPage-_description-8"
            color="primary"
          >
            <WithStyles(ForwardRef(Typography))
              className="JobDetailPage-_description-8"
              classes={
                Object {
                  "root": "WithStyles(ForwardRef(Typography))-root-45",
                }
              }
              color="primary"
            >
              <ForwardRef(Typography)
                className="JobDetailPage-_description-8"
                classes={
                  Object {
                    "alignCenter": "MuiTypography-alignCenter",
                    "alignJustify": "MuiTypography-alignJustify",
                    "alignLeft": "MuiTypography-alignLeft",
                    "alignRight": "MuiTypography-alignRight",
                    "body1": "MuiTypography-body1",
                    "body2": "MuiTypography-body2",
                    "button": "MuiTypography-button",
                    "caption": "MuiTypography-caption",
                    "colorError": "MuiTypography-colorError",
                    "colorInherit": "MuiTypography-colorInherit",
                    "colorPrimary": "MuiTypography-colorPrimary",
                    "colorSecondary": "MuiTypography-colorSecondary",
                    "colorTextPrimary": "MuiTypography-colorTextPrimary",
                    "colorTextSecondary": "MuiTypography-colorTextSecondary",
                    "displayBlock": "MuiTypography-displayBlock",
                    "displayInline": "MuiTypography-displayInline",
                    "gutterBottom": "MuiTypography-gutterBottom",
                    "h1": "MuiTypography-h1",
                    "h2": "MuiTypography-h2",
                    "h3": "MuiTypography-h3",
                    "h4": "MuiTypography-h4",
                    "h5": "MuiTypography-h5",
                    "h6": "MuiTypography-h6",
                    "noWrap": "MuiTypography-noWrap",
                    "overline": "MuiTypography-overline",
                    "paragraph": "MuiTypography-paragraph",
                    "root": "MuiTypography-root WithStyles(ForwardRef(Typography))-root-45",
                    "srOnly": "MuiTypography-srOnly",
                    "subtitle1": "MuiTypography-subtitle1",
                    "subtitle2": "MuiTypography-subtitle2",
                  }
                }
                color="primary"
              >
                <p
                  className="MuiTypography-root WithStyles(ForwardRef(Typography))-root-45 JobDetailPage-_description-8 MuiTypography-body1 MuiTypography-colorPrimary"
                >
                  calculates all possible dimensions from input geometry
                </p>
              </ForwardRef(Typography)>
            </WithStyles(ForwardRef(Typography))>
          </WithStyles(WithStyles(ForwardRef(Typography)))>
          <ForwardRef
            className="JobDetailPage-_ownerIcon-10"
            color="secondary"
          >
            <WithStyles(ForwardRef(SvgIcon))
              className="JobDetailPage-_ownerIcon-10"
              color="secondary"
            >
              <ForwardRef(SvgIcon)
                className="JobDetailPage-_ownerIcon-10"
                classes={
                  Object {
                    "colorAction": "MuiSvgIcon-colorAction",
                    "colorDisabled": "MuiSvgIcon-colorDisabled",
                    "colorError": "MuiSvgIcon-colorError",
                    "colorPrimary": "MuiSvgIcon-colorPrimary",
                    "colorSecondary": "MuiSvgIcon-colorSecondary",
                    "fontSizeInherit": "MuiSvgIcon-fontSizeInherit",
                    "fontSizeLarge": "MuiSvgIcon-fontSizeLarge",
                    "fontSizeSmall": "MuiSvgIcon-fontSizeSmall",
                    "root": "MuiSvgIcon-root",
                  }
                }
                color="secondary"
              >
                <svg
                  aria-hidden="true"
                  className="MuiSvgIcon-root JobDetailPage-_ownerIcon-10 MuiSvgIcon-colorSecondary"
                  focusable="false"
                  role="presentation"
                  viewBox="0 0 24 24"
                >
                  <path
                    clipRule="evenodd"
                    d="M0 0h24v24H0z"
                    fill="none"
                  />
                  <g
                    clipRule="evenodd"
                    fillRule="evenodd"
                  >
                    <path
                      d="M9 17l3-2.94c-.39-.04-.68-.06-1-.06-2.67 0-8 1.34-8 4v2h9l-3-3zm2-5c2.21 0 4-1.79 4-4s-1.79-4-4-4-4 1.79-4 4 1.79 4 4 4M15.47 20.5L12 17l1.4-1.41 2.07 2.08 5.13-5.17 1.4 1.41z"
                    />
                  </g>
                </svg>
              </ForwardRef(SvgIcon)>
            </WithStyles(ForwardRef(SvgIcon))>
          </ForwardRef>
          <WithStyles(ForwardRef(Typography))
            className="JobDetailPage-_owner-9"
          >
            <ForwardRef(Typography)
              className="JobDetailPage-_owner-9"
              classes={
                Object {
                  "alignCenter": "MuiTypography-alignCenter",
                  "alignJustify": "MuiTypography-alignJustify",
                  "alignLeft": "MuiTypography-alignLeft",
                  "alignRight": "MuiTypography-alignRight",
                  "body1": "MuiTypography-body1",
                  "body2": "MuiTypography-body2",
                  "button": "MuiTypography-button",
                  "caption": "MuiTypography-caption",
                  "colorError": "MuiTypography-colorError",
                  "colorInherit": "MuiTypography-colorInherit",
                  "colorPrimary": "MuiTypography-colorPrimary",
                  "colorSecondary": "MuiTypography-colorSecondary",
                  "colorTextPrimary": "MuiTypography-colorTextPrimary",
                  "colorTextSecondary": "MuiTypography-colorTextSecondary",
                  "displayBlock": "MuiTypography-displayBlock",
                  "displayInline": "MuiTypography-displayInline",
                  "gutterBottom": "MuiTypography-gutterBottom",
                  "h1": "MuiTypography-h1",
                  "h2": "MuiTypography-h2",
                  "h3": "MuiTypography-h3",
                  "h4": "MuiTypography-h4",
                  "h5": "MuiTypography-h5",
                  "h6": "MuiTypography-h6",
                  "noWrap": "MuiTypography-noWrap",
                  "overline": "MuiTypography-overline",
                  "paragraph": "MuiTypography-paragraph",
                  "root": "MuiTypography-root",
                  "srOnly": "MuiTypography-srOnly",
                  "subtitle1": "MuiTypography-subtitle1",
                  "subtitle2": "MuiTypography-subtitle2",
                }
              }
            >
              <p
                className="MuiTypography-root JobDetailPage-_owner-9 MuiTypography-body1"
              >
                galactic-data
              </p>
            </ForwardRef(Typography)>
          </WithStyles(ForwardRef(Typography))>
        </div>
        <Styled(MuiBox)
          bgcolor="white"
          boxShadow={1}
          className="JobDetailPage-_SQL-11"
          maxHeight={200}
          minHeight="75%"
          mx="auto"
          p={2}
          width="80%"
        >
          <div
            className="MuiBox-root MuiBox-root-55 JobDetailPage-_SQL-11"
          >
            <WithStyles(WithStyles(ForwardRef(Typography)))
              key="0"
            >
              <WithStyles(ForwardRef(Typography))
                classes={
                  Object {
                    "root": "WithStyles(ForwardRef(Typography))-root-56",
                  }
                }
              >
                <ForwardRef(Typography)
                  classes={
                    Object {
                      "alignCenter": "MuiTypography-alignCenter",
                      "alignJustify": "MuiTypography-alignJustify",
                      "alignLeft": "MuiTypography-alignLeft",
                      "alignRight": "MuiTypography-alignRight",
                      "body1": "MuiTypography-body1",
                      "body2": "MuiTypography-body2",
                      "button": "MuiTypography-button",
                      "caption": "MuiTypography-caption",
                      "colorError": "MuiTypography-colorError",
                      "colorInherit": "MuiTypography-colorInherit",
                      "colorPrimary": "MuiTypography-colorPrimary",
                      "colorSecondary": "MuiTypography-colorSecondary",
                      "colorTextPrimary": "MuiTypography-colorTextPrimary",
                      "colorTextSecondary": "MuiTypography-colorTextSecondary",
                      "displayBlock": "MuiTypography-displayBlock",
                      "displayInline": "MuiTypography-displayInline",
                      "gutterBottom": "MuiTypography-gutterBottom",
                      "h1": "MuiTypography-h1",
                      "h2": "MuiTypography-h2",
                      "h3": "MuiTypography-h3",
                      "h4": "MuiTypography-h4",
                      "h5": "MuiTypography-h5",
                      "h6": "MuiTypography-h6",
                      "noWrap": "MuiTypography-noWrap",
                      "overline": "MuiTypography-overline",
                      "paragraph": "MuiTypography-paragraph",
                      "root": "MuiTypography-root WithStyles(ForwardRef(Typography))-root-56",
                      "srOnly": "MuiTypography-srOnly",
                      "subtitle1": "MuiTypography-subtitle1",
                      "subtitle2": "MuiTypography-subtitle2",
                    }
                  }
                >
                  <p
                    className="MuiTypography-root WithStyles(ForwardRef(Typography))-root-56 MuiTypography-body1"
                  />
                </ForwardRef(Typography)>
              </WithStyles(ForwardRef(Typography))>
            </WithStyles(WithStyles(ForwardRef(Typography)))>
          </div>
        </Styled(MuiBox)>
        <WithStyles(ForwardRef(Typography))
          className="JobDetailPage-lastUpdated-3"
        >
          <ForwardRef(Typography)
            className="JobDetailPage-lastUpdated-3"
            classes={
              Object {
                "alignCenter": "MuiTypography-alignCenter",
                "alignJustify": "MuiTypography-alignJustify",
                "alignLeft": "MuiTypography-alignLeft",
                "alignRight": "MuiTypography-alignRight",
                "body1": "MuiTypography-body1",
                "body2": "MuiTypography-body2",
                "button": "MuiTypography-button",
                "caption": "MuiTypography-caption",
                "colorError": "MuiTypography-colorError",
                "colorInherit": "MuiTypography-colorInherit",
                "colorPrimary": "MuiTypography-colorPrimary",
                "colorSecondary": "MuiTypography-colorSecondary",
                "colorTextPrimary": "MuiTypography-colorTextPrimary",
                "colorTextSecondary": "MuiTypography-colorTextSecondary",
                "displayBlock": "MuiTypography-displayBlock",
                "displayInline": "MuiTypography-displayInline",
                "gutterBottom": "MuiTypography-gutterBottom",
                "h1": "MuiTypography-h1",
                "h2": "MuiTypography-h2",
                "h3": "MuiTypography-h3",
                "h4": "MuiTypography-h4",
                "h5": "MuiTypography-h5",
                "h6": "MuiTypography-h6",
                "noWrap": "MuiTypography-noWrap",
                "overline": "MuiTypography-overline",
                "paragraph": "MuiTypography-paragraph",
                "root": "MuiTypography-root",
                "srOnly": "MuiTypography-srOnly",
                "subtitle1": "MuiTypography-subtitle1",
                "subtitle2": "MuiTypography-subtitle2",
              }
            }
          >
            <p
              className="MuiTypography-root JobDetailPage-lastUpdated-3 MuiTypography-body1"
            />
          </ForwardRef(Typography)>
        </WithStyles(ForwardRef(Typography))>
      </div>
    </Styled(MuiBox)>
  </JobDetailPage>
</WithStyles(JobDetailPage)>
`;
