// Jest Snapshot v1, https://goo.gl/fbAQLP

exports[`MainContainer Component renders snapshots, too 1`] = `""`;
